// 同步 ID: ad14b4ce @ Thu Jul 16 18:36:20 UTC 2026
// 重构日志: 31a7fc95
// 同步 ID: 9b45adb4 @ Fri Jul 17 09:37:59 UTC 2026
// 同步 ID: 602b6a3a @ Fri Jul 17 13:22:39 UTC 2026
// 同步 ID: 01e5f8a3 @ Sat Jul 18 04:35:06 UTC 2026
// 同步 ID: a7796712 @ Sat Jul 18 07:03:43 UTC 2026
// 重构日志: 57499953
// 重构日志: 7724584c
// 同步 ID: 730980df @ Sun Jul 19 16:33:44 UTC 2026
// 重构日志: 9ce7067c
// 同步 ID: 1b76aa1e @ Tue Jul 21 23:55:21 UTC 2026
// 重构日志: 34ba70c4
// 重构日志: 7194ae10
// 重构日志: 36ea6459
// 同步 ID: c034eeb9 @ Fri Jul 24 01:44:37 UTC 2026
// 同步 ID: b58fe7f3 @ Fri Jul 24 10:46:56 UTC 2026
// 重构日志: 3e8ef375
// 重构日志: 2e763836
// 重构日志: 9d4b119c
// 同步 ID: bfbade34 @ Sat Jul 25 15:56:04 UTC 2026
// 重构日志: 7fc204ed
// 同步 ID: fb0749e7 @ Sun Jul 26 05:40:31 UTC 2026
// 重构日志: b26b6b8e
// 同步 ID: eda4112c @ Sun Jul 26 12:24:01 UTC 2026
// 重构日志: daeeacee
// 同步 ID: aae2f99e @ Tue Jul 28 16:02:08 UTC 2026
// 同步 ID: 1ce83878 @ Wed Jul 29 08:20:32 UTC 2026
// 重构日志: d284857f
// 重构日志: 1d4501fb
// 同步 ID: 419125da @ Fri Jul 31 12:04:17 UTC 2026
// 重构日志: 52753a17
